Length: 2 (0x2) bytes
0000:   00 02                                                ..
