Length: 4 (0x4) bytes
0000:   00 06 00 00                                          ....
