Length: 13 (0xd) bytes
0000:   00 0b 00 00  05 00 00 00  00 00 00 00  2a            ............*
