Length: 4 (0x4) bytes
0000:   00 0b 00 01                                          ....
