Length: 8 (0x8) bytes
0000:   00 08 00 04  30 2e 31 61                             ....0.1a
