[ ( Name { unName = "getX" } , Sig [] TInt )
, ( Name { unName = "setX" } , Sig [] TVoid )
]