[ ( Name { unName = "put" } , Sig [ TMsg ] TVoid )
, ( Name { unName = "isSigAvail" } , Sig [] TBool )
, ( Name { unName = "get" } , Sig [] TSig )
]