[ ( Name { unName = "setDate" } , Sig [] TVoid )
, ( Name { unName = "initialize" } , Sig [] TVoid )
, ( Name { unName = "setX" } , Sig [ TInt , TFloat ] TFloat )
, ( Name { unName = "getX" } , Sig [] (TFixed Prec2) )
, ( Name { unName = "f" } , Sig [ TInt , TBool ] TInt )
, ( Name { unName = "g" } , Sig [ TAsset , TAccount ] TVoid )
, ( Name { unName = "circulate" } , Sig [ TAsset , TInt ] TVoid )
, ( Name { unName = "transfer" }
  , Sig [ TAsset , TAccount , TAccount , TInt ] TAny
  )
]