<?xml version="1.0" encoding="UTF-8"?>
<blocks>
    <block index="0">
        <signatures>
            <BlockSignature signature="&quot;AE4xMTUxMzY4MDA4MjA0NTY4MzM3Mzc5OTQxMjY3NzEzODYwMTUwMjYyODcwOTUwMzQ2MjU2MjM2NDQxODYyNzgxMDg5MjY2OTA3Nzk1Njc6AE0zNDMyMDI5NDIxMzI4MTA2OTgzNTQwNjkyMDAxNDY1MTc4NDA1MjA5ODQ4MjkxMTA0NDYzMjk1NDcwODM5OTc0OTU1MzIzNTc2ODcwNA==&quot;" signerAddr="fwBVDsVh8SYQy98CzYpNPcbyTRczVUZ96HszhNRB8Ve"/>
        </signatures>
        <header origin="fwBVDsVh8SYQy98CzYpNPcbyTRczVUZ96HszhNRB8Ve" prevHash="&quot;&quot;" merkleRoot="&quot;a7ffc6f8bf1ed76651c14756a061d662f580ff4de43b49fa82d80a4b80f8434a&quot;" timestamp="1231006505">
            <consensus validatorSet="fromList []" blockPeriod="1" blockGenLimit="1" blockSignLimit="1" threshold="1" minTxs="1"/>
        </header>
        <transactions/>
    </block>
</blocks>