<?xml version="1.0" encoding="UTF-8"?>
<transactionHeaders>
    <CreateAsset name="&quot;test&quot;" supply="1000" reference="4">
        <Discrete/>
    </CreateAsset>
</transactionHeaders>